// Jest Snapshot v1, https://goo.gl/fbAQLP

exports[`Tests on RegisterScreen component should show correctly 1`] = `
<div
  className="auth-container"
>
  <div
    className="login-form-2"
  >
    <h3>
      Registro
    </h3>
    <form
      onSubmit={[Function]}
    >
      <div
        className="form-group"
      >
        <input
          className="form-control"
          name="name"
          onChange={[Function]}
          placeholder="Nombre"
          type="text"
          value=""
        />
      </div>
      <div
        className="form-group"
      >
        <input
          className="form-control"
          name="email"
          onChange={[Function]}
          placeholder="Correo"
          type="email"
          value=""
        />
      </div>
      <div
        className="form-group"
      >
        <input
          className="form-control"
          name="password"
          onChange={[Function]}
          placeholder="Contraseña"
          type="password"
          value=""
        />
      </div>
      <div
        className="form-group"
      >
        <input
          className="form-control"
          name="password2"
          onChange={[Function]}
          placeholder="Repita la contraseña"
          type="password"
          value=""
        />
      </div>
      <div
        className="form-group"
      >
        <input
          className="btnSubmit"
          type="submit"
          value="Crear cuenta"
        />
      </div>
      <a
        className="link"
        href="/auth/login"
        onClick={[Function]}
      >
        Ya estas registrado?
      </a>
    </form>
  </div>
</div>
`;
